
/home/runner/work/exp-measurement-gear-tooth-vernier-iitkgp/exp-measurement-gear-tooth-vernier-iitkgp/experiment/simulation/js/geartooth.js
    8:1   warning  '$' is not defined                               no-undef
    9:3   warning  '$' is not defined                               no-undef
   10:5   warning  '$' is not defined                               no-undef
   13:1   warning  '$' is not defined                               no-undef
   14:3   warning  '$' is not defined                               no-undef
   16:19  warning  '$' is not defined                               no-undef
   18:5   warning  '$' is not defined                               no-undef
   22:5   warning  '$' is not defined                               no-undef
   29:10  warning  'seudovalue1' is defined but never used          no-unused-vars
   31:1   warning  '$' is not defined                               no-undef
   35:10  warning  'seudovalue2' is defined but never used          no-unused-vars
   37:1   warning  '$' is not defined                               no-undef
   42:10  warning  'moveGauge' is defined but never used            no-unused-vars
   60:10  warning  'moveGear' is defined but never used             no-unused-vars
   79:10  warning  'moveGear2' is defined but never used            no-unused-vars
  101:10  warning  'rotateGear' is defined but never used           no-unused-vars
  110:6   warning  'obj' is already defined                         no-redeclare
  126:11  warning  'rotateGearRev' is defined but never used        no-unused-vars
  135:6   warning  'obj' is already defined                         no-redeclare
  139:1   warning  Mixed spaces and tabs                            no-mixed-spaces-and-tabs
  159:11  warning  'horijawright' is defined but never used         no-unused-vars
  160:1   warning  Mixed spaces and tabs                            no-mixed-spaces-and-tabs
  164:15  warning  'math' is not defined                            no-undef
  170:1   warning  Mixed spaces and tabs                            no-mixed-spaces-and-tabs
  182:11  warning  'horijawleft' is defined but never used          no-unused-vars
  183:1   warning  Mixed spaces and tabs                            no-mixed-spaces-and-tabs
  187:15  warning  'math' is not defined                            no-undef
  226:19  warning  'keepcount2' is assigned a value but never used  no-unused-vars
  227:11  warning  'verjawdown' is defined but never used           no-unused-vars
  228:1   warning  Mixed spaces and tabs                            no-mixed-spaces-and-tabs
  232:15  warning  'math' is not defined                            no-undef
  233:16  warning  'math' is not defined                            no-undef
  251:1   warning  Mixed spaces and tabs                            no-mixed-spaces-and-tabs
  254:11  warning  'verjawup' is defined but never used             no-unused-vars
  255:1   warning  Mixed spaces and tabs                            no-mixed-spaces-and-tabs
  259:15  warning  'math' is not defined                            no-undef
  260:16  warning  'math' is not defined                            no-undef
  262:1   warning  Mixed spaces and tabs                            no-mixed-spaces-and-tabs
  265:1   warning  Mixed spaces and tabs                            no-mixed-spaces-and-tabs
  267:1   warning  Mixed spaces and tabs                            no-mixed-spaces-and-tabs
  482:10  warning  'cscalePosChng' is defined but never used        no-unused-vars
  489:14  warning  'math' is not defined                            no-undef
  490:13  warning  'math' is not defined                            no-undef
  500:10  warning  'cscalePosChngRev' is defined but never used     no-unused-vars
  505:14  warning  'math' is not defined                            no-undef
  506:13  warning  'math' is not defined                            no-undef
  520:11  warning  'screw_widthincr' is defined but never used      no-unused-vars
  521:1   warning  Mixed spaces and tabs                            no-mixed-spaces-and-tabs
  525:15  warning  'math' is not defined                            no-undef
  548:1   warning  Mixed spaces and tabs                            no-mixed-spaces-and-tabs
  551:11  warning  'screw_widthdecr' is defined but never used      no-unused-vars
  552:1   warning  Mixed spaces and tabs                            no-mixed-spaces-and-tabs
  554:15  warning  'math' is not defined                            no-undef
  558:1   warning  Mixed spaces and tabs                            no-mixed-spaces-and-tabs
  560:1   warning  Mixed spaces and tabs                            no-mixed-spaces-and-tabs
  561:1   warning  Mixed spaces and tabs                            no-mixed-spaces-and-tabs
  568:1   warning  Mixed spaces and tabs                            no-mixed-spaces-and-tabs
  579:1   warning  Mixed spaces and tabs                            no-mixed-spaces-and-tabs
  607:1   warning  Mixed spaces and tabs                            no-mixed-spaces-and-tabs
  608:1   warning  Mixed spaces and tabs                            no-mixed-spaces-and-tabs
  609:1   warning  Mixed spaces and tabs                            no-mixed-spaces-and-tabs
  609:12  warning  'math' is not defined                            no-undef
  609:24  warning  'math' is not defined                            no-undef
  610:1   warning  Mixed spaces and tabs                            no-mixed-spaces-and-tabs
  610:7   warning  'PCD' is assigned a value but never used         no-unused-vars
  610:13  warning  'math' is not defined                            no-undef
  611:1   warning  Mixed spaces and tabs                            no-mixed-spaces-and-tabs
  611:11  warning  'math' is not defined                            no-undef
  612:1   warning  Mixed spaces and tabs                            no-mixed-spaces-and-tabs
  612:7   warning  'a' is assigned a value but never used           no-unused-vars
  613:1   warning  Mixed spaces and tabs                            no-mixed-spaces-and-tabs
  614:1   warning  Mixed spaces and tabs                            no-mixed-spaces-and-tabs
  614:14  warning  'math' is not defined                            no-undef
  615:17  warning  'math' is not defined                            no-undef
  615:31  warning  'math' is not defined                            no-undef
  616:1   warning  Mixed spaces and tabs                            no-mixed-spaces-and-tabs
  617:1   warning  Mixed spaces and tabs                            no-mixed-spaces-and-tabs
  617:12  warning  'math' is not defined                            no-undef
  617:23  warning  'math' is not defined                            no-undef
  618:1   warning  Mixed spaces and tabs                            no-mixed-spaces-and-tabs
  618:12  warning  'math' is not defined                            no-undef
  618:24  warning  'math' is not defined                            no-undef
  618:41  warning  'math' is not defined                            no-undef
  619:1   warning  Mixed spaces and tabs                            no-mixed-spaces-and-tabs
  620:14  warning  'math' is not defined                            no-undef
  620:23  warning  'math' is not defined                            no-undef
  620:46  warning  'math' is not defined                            no-undef
  659:1   warning  Mixed spaces and tabs                            no-mixed-spaces-and-tabs
  660:1   warning  Mixed spaces and tabs                            no-mixed-spaces-and-tabs
  661:1   warning  Mixed spaces and tabs                            no-mixed-spaces-and-tabs
  661:13  warning  'math' is not defined                            no-undef
  661:25  warning  'math' is not defined                            no-undef
  661:41  warning  'math' is not defined                            no-undef
  661:56  warning  'math' is not defined                            no-undef
  662:1   warning  Mixed spaces and tabs                            no-mixed-spaces-and-tabs
  662:7   warning  'ni' is assigned a value but never used          no-unused-vars
  662:12  warning  'math' is not defined                            no-undef
  663:1   warning  Mixed spaces and tabs                            no-mixed-spaces-and-tabs
  664:1   warning  Mixed spaces and tabs                            no-mixed-spaces-and-tabs
  666:1   warning  Mixed spaces and tabs                            no-mixed-spaces-and-tabs
  667:1   warning  Mixed spaces and tabs                            no-mixed-spaces-and-tabs
  667:12  warning  'math' is not defined                            no-undef
  667:24  warning  'math' is not defined                            no-undef
  668:1   warning  Mixed spaces and tabs                            no-mixed-spaces-and-tabs
  668:12  warning  'math' is not defined                            no-undef
  668:24  warning  'math' is not defined                            no-undef
  669:1   warning  Mixed spaces and tabs                            no-mixed-spaces-and-tabs
  670:9   warning  'math' is not defined                            no-undef
  670:21  warning  'math' is not defined                            no-undef
  704:11  warning  'Math_model' is defined but never used           no-unused-vars
  705:1   warning  Mixed spaces and tabs                            no-mixed-spaces-and-tabs
  706:1   warning  Mixed spaces and tabs                            no-mixed-spaces-and-tabs
  707:1   warning  Mixed spaces and tabs                            no-mixed-spaces-and-tabs
  708:1   warning  Mixed spaces and tabs                            no-mixed-spaces-and-tabs
  709:1   warning  Mixed spaces and tabs                            no-mixed-spaces-and-tabs
  710:2   warning  Mixed spaces and tabs                            no-mixed-spaces-and-tabs
  711:1   warning  Mixed spaces and tabs                            no-mixed-spaces-and-tabs
  712:1   warning  Mixed spaces and tabs                            no-mixed-spaces-and-tabs
  734:10  warning  'math' is not defined                            no-undef
  734:22  warning  'math' is not defined                            no-undef
  734:40  warning  'math' is not defined                            no-undef
  734:49  warning  'math' is not defined                            no-undef
  734:61  warning  'math' is not defined                            no-undef
  734:69  warning  'math' is not defined                            no-undef
  737:14  warning  'math' is not defined                            no-undef
  737:26  warning  'math' is not defined                            no-undef
  737:37  warning  'math' is not defined                            no-undef
  737:51  warning  '$' is not defined                               no-undef
  738:14  warning  'math' is not defined                            no-undef
  738:26  warning  'math' is not defined                            no-undef
  738:37  warning  'math' is not defined                            no-undef
  738:51  warning  '$' is not defined                               no-undef
  739:11  warning  'math' is not defined                            no-undef
  739:23  warning  'math' is not defined                            no-undef
  739:34  warning  'math' is not defined                            no-undef
  739:48  warning  '$' is not defined                               no-undef
  740:11  warning  'math' is not defined                            no-undef
  740:23  warning  'math' is not defined                            no-undef
  741:11  warning  'math' is not defined                            no-undef
  741:23  warning  'math' is not defined                            no-undef
  741:34  warning  'math' is not defined                            no-undef
  742:11  warning  'math' is not defined                            no-undef
  770:14  warning  'math' is not defined                            no-undef
  770:26  warning  'math' is not defined                            no-undef
  770:37  warning  'math' is not defined                            no-undef
  770:51  warning  '$' is not defined                               no-undef
  771:14  warning  'math' is not defined                            no-undef
  771:26  warning  'math' is not defined                            no-undef
  771:37  warning  'math' is not defined                            no-undef
  771:51  warning  '$' is not defined                               no-undef
  772:11  warning  'math' is not defined                            no-undef
  772:23  warning  'math' is not defined                            no-undef
  772:34  warning  'math' is not defined                            no-undef
  772:48  warning  '$' is not defined                               no-undef
  794:10  warning  'CreateTable' is defined but never used          no-unused-vars
  806:10  warning  'Experiment1' is defined but never used          no-unused-vars
  809:10  warning  'Experiment2' is defined but never used          no-unused-vars
  811:1   warning  Mixed spaces and tabs                            no-mixed-spaces-and-tabs
  814:10  warning  'recalc' is defined but never used               no-unused-vars
  820:10  warning  'recalc2' is defined but never used              no-unused-vars
  828:10  warning  'Refresh' is defined but never used              no-unused-vars
  844:2   warning  '$' is not defined                               no-undef
  845:2   warning  '$' is not defined                               no-undef
  846:2   warning  '$' is not defined                               no-undef
  850:6   warning  'Dtable' is already defined                      no-redeclare
  874:10  warning  'calculate' is defined but never used            no-unused-vars
  881:2   warning  '$' is not defined                               no-undef
  882:12  warning  '$' is not defined                               no-undef
  883:13  warning  'math' is not defined                            no-undef
  883:22  warning  'math' is not defined                            no-undef
  883:36  warning  'math' is not defined                            no-undef
  883:48  warning  'math' is not defined                            no-undef
  884:2   warning  '$' is not defined                               no-undef
  887:10  warning  'calculate2' is defined but never used           no-unused-vars
  888:12  warning  '$' is not defined                               no-undef
  889:12  warning  '$' is not defined                               no-undef
  890:13  warning  'math' is not defined                            no-undef
  890:25  warning  'math' is not defined                            no-undef
  891:2   warning  '$' is not defined                               no-undef

✖ 179 problems (0 errors, 179 warnings)

